router contains 16 entries 
 
  Index   Key(hex)    Mask(hex)    Route(hex)    Src. Core -> [Cores][Links]
------------------------------------------------------------------------------
    0     08       ffffffff      02         (0, 0, 0)      [] [NE]
    1     05       ffffffff      02         (0, 0, 0)      [] [NE]
    2     02       ffffffff      01         (0, 0, 0)      [] [E]
    3     0f       ffffffff      02         (0, 0, 0)      [] [NE]
    4     0c       ffffffff      02         (0, 0, 0)      [] [NE]
    5     07       ffffffff      02         (0, 0, 0)      [] [NE]
    6     0a       ffffffff      02         (0, 0, 0)      [] [NE]
    7     01       ffffffff      01         (0, 0, 0)      [] [E]
    8     0e       ffffffff      02         (0, 0, 0)      [] [NE]
    9     09       ffffffff      02         (0, 0, 0)      [] [NE]
    10     04       ffffffff      02         (0, 0, 0)      [] [NE]
    11     06       ffffffff      02         (0, 0, 0)      [] [NE]
    12     00       ffffffff      01         (0, 0, 0)      [] [E]
    13     0d       ffffffff      02         (0, 0, 0)      [] [NE]
    14     03       ffffffff      01         (0, 0, 0)      [] [E]
    15     0b       ffffffff      02         (0, 0, 0)      [] [NE]
