        Network Specification
 =====================

Generated: 05/29/16 11:11:20 for target machine '192.168.240.253'

*** Vertices:
Vertex Population 0, size: 1
Model: IF_curr_exp
constraint: partitioner max atom per core constraint with size 255

Vertex Population 1, size: 1
Model: IF_curr_exp
constraint: partitioner max atom per core constraint with size 255

Vertex Population 2, size: 1
Model: SpikeSourceArray
constraint: partitioner max atom per core constraint with size 2147483647
constraint: tag allocator constraint

Vertex Population 3, size: 1
Model: SpikeSourceArray
constraint: partitioner max atom per core constraint with size 2147483647
constraint: tag allocator constraint

Vertex Population 4, size: 1
Model: IF_curr_exp
constraint: partitioner max atom per core constraint with size 255

Vertex Population 5, size: 1
Model: IF_curr_exp
constraint: partitioner max atom per core constraint with size 255

Vertex Population 6, size: 1
Model: SpikeSourceArray
constraint: partitioner max atom per core constraint with size 2147483647
constraint: tag allocator constraint

Vertex Population 7, size: 1
Model: SpikeSourceArray
constraint: partitioner max atom per core constraint with size 2147483647
constraint: tag allocator constraint

Vertex Population 8, size: 1
Model: IF_curr_exp
constraint: partitioner max atom per core constraint with size 255

Vertex Population 9, size: 1
Model: IF_curr_exp
constraint: partitioner max atom per core constraint with size 255

Vertex Population 10, size: 1
Model: SpikeSourceArray
constraint: partitioner max atom per core constraint with size 2147483647
constraint: tag allocator constraint

Vertex Population 11, size: 1
Model: SpikeSourceArray
constraint: partitioner max atom per core constraint with size 2147483647
constraint: tag allocator constraint

Vertex Population 12, size: 1
Model: IF_curr_exp
constraint: partitioner max atom per core constraint with size 255

Vertex Population 13, size: 1
Model: IF_curr_exp
constraint: partitioner max atom per core constraint with size 255

Vertex Population 14, size: 1
Model: SpikeSourceArray
constraint: partitioner max atom per core constraint with size 2147483647
constraint: tag allocator constraint

Vertex Population 15, size: 1
Model: SpikeSourceArray
constraint: partitioner max atom per core constraint with size 2147483647
constraint: tag allocator constraint

Vertex Population 16, size: 1
Model: IF_curr_exp
constraint: partitioner max atom per core constraint with size 255

Vertex Population 17, size: 1
Model: IF_curr_exp
constraint: partitioner max atom per core constraint with size 255

Vertex Population 18, size: 1
Model: SpikeSourceArray
constraint: partitioner max atom per core constraint with size 2147483647
constraint: tag allocator constraint

Vertex Population 19, size: 1
Model: SpikeSourceArray
constraint: partitioner max atom per core constraint with size 2147483647
constraint: tag allocator constraint

Vertex Population 20, size: 1
Model: IF_curr_exp
constraint: partitioner max atom per core constraint with size 255

Vertex Population 21, size: 1
Model: IF_curr_exp
constraint: partitioner max atom per core constraint with size 255

Vertex Population 22, size: 1
Model: SpikeSourceArray
constraint: partitioner max atom per core constraint with size 2147483647
constraint: tag allocator constraint

Vertex Population 23, size: 1
Model: SpikeSourceArray
constraint: partitioner max atom per core constraint with size 2147483647
constraint: tag allocator constraint

Vertex Population 24, size: 1
Model: IF_curr_exp
constraint: partitioner max atom per core constraint with size 255

Vertex Population 25, size: 1
Model: IF_curr_exp
constraint: partitioner max atom per core constraint with size 255

Vertex Population 26, size: 1
Model: SpikeSourceArray
constraint: partitioner max atom per core constraint with size 2147483647
constraint: tag allocator constraint

Vertex Population 27, size: 1
Model: SpikeSourceArray
constraint: partitioner max atom per core constraint with size 2147483647
constraint: tag allocator constraint

Vertex Population 28, size: 1
Model: IF_curr_exp
constraint: partitioner max atom per core constraint with size 255

Vertex Population 29, size: 1
Model: IF_curr_exp
constraint: partitioner max atom per core constraint with size 255

Vertex Population 30, size: 1
Model: SpikeSourceArray
constraint: partitioner max atom per core constraint with size 2147483647
constraint: tag allocator constraint

Vertex Population 31, size: 1
Model: SpikeSourceArray
constraint: partitioner max atom per core constraint with size 2147483647
constraint: tag allocator constraint

Vertex Population 32, size: 1
Model: IF_curr_exp
constraint: partitioner max atom per core constraint with size 255

Vertex Population 33, size: 1
Model: IF_curr_exp
constraint: partitioner max atom per core constraint with size 255

Vertex Population 34, size: 1
Model: SpikeSourceArray
constraint: partitioner max atom per core constraint with size 2147483647
constraint: tag allocator constraint

Vertex Population 35, size: 1
Model: SpikeSourceArray
constraint: partitioner max atom per core constraint with size 2147483647
constraint: tag allocator constraint

Vertex Population 36, size: 1
Model: IF_curr_exp
constraint: partitioner max atom per core constraint with size 255

Vertex Population 37, size: 1
Model: IF_curr_exp
constraint: partitioner max atom per core constraint with size 255

Vertex Population 38, size: 1
Model: SpikeSourceArray
constraint: partitioner max atom per core constraint with size 2147483647
constraint: tag allocator constraint

Vertex Population 39, size: 1
Model: SpikeSourceArray
constraint: partitioner max atom per core constraint with size 2147483647
constraint: tag allocator constraint

Vertex Population 40, size: 1
Model: IF_curr_exp
constraint: partitioner max atom per core constraint with size 255

Vertex Population 41, size: 1
Model: IF_curr_exp
constraint: partitioner max atom per core constraint with size 255

Vertex Population 42, size: 1
Model: SpikeSourceArray
constraint: partitioner max atom per core constraint with size 2147483647
constraint: tag allocator constraint

Vertex Population 43, size: 1
Model: SpikeSourceArray
constraint: partitioner max atom per core constraint with size 2147483647
constraint: tag allocator constraint

Vertex Population 44, size: 1
Model: IF_curr_exp
constraint: partitioner max atom per core constraint with size 255

Vertex Population 45, size: 1
Model: IF_curr_exp
constraint: partitioner max atom per core constraint with size 255

Vertex Population 46, size: 1
Model: SpikeSourceArray
constraint: partitioner max atom per core constraint with size 2147483647
constraint: tag allocator constraint

Vertex Population 47, size: 1
Model: SpikeSourceArray
constraint: partitioner max atom per core constraint with size 2147483647
constraint: tag allocator constraint

Vertex Population 48, size: 1
Model: IF_curr_exp
constraint: partitioner max atom per core constraint with size 255

Vertex Population 49, size: 1
Model: IF_curr_exp
constraint: partitioner max atom per core constraint with size 255

Vertex Population 50, size: 1
Model: SpikeSourceArray
constraint: partitioner max atom per core constraint with size 2147483647
constraint: tag allocator constraint

Vertex Population 51, size: 1
Model: SpikeSourceArray
constraint: partitioner max atom per core constraint with size 2147483647
constraint: tag allocator constraint

Vertex Population 52, size: 1
Model: IF_curr_exp
constraint: partitioner max atom per core constraint with size 255

Vertex Population 53, size: 1
Model: IF_curr_exp
constraint: partitioner max atom per core constraint with size 255

Vertex Population 54, size: 1
Model: SpikeSourceArray
constraint: partitioner max atom per core constraint with size 2147483647
constraint: tag allocator constraint

Vertex Population 55, size: 1
Model: SpikeSourceArray
constraint: partitioner max atom per core constraint with size 2147483647
constraint: tag allocator constraint

*** Edges:
Edge Projection 0 from vertex: 'Population 2' (1 atoms) to vertex: 'Population 0' (1 atoms)
  Model: No Model

Edge Projection 1 from vertex: 'Population 3' (1 atoms) to vertex: 'Population 1' (1 atoms)
  Model: No Model

Edge Projection 2 from vertex: 'Population 0' (1 atoms) to vertex: 'Population 1' (1 atoms)
  Model: No Model

Edge Projection 3 from vertex: 'Population 6' (1 atoms) to vertex: 'Population 4' (1 atoms)
  Model: No Model

Edge Projection 4 from vertex: 'Population 7' (1 atoms) to vertex: 'Population 5' (1 atoms)
  Model: No Model

Edge Projection 5 from vertex: 'Population 4' (1 atoms) to vertex: 'Population 5' (1 atoms)
  Model: No Model

Edge Projection 6 from vertex: 'Population 10' (1 atoms) to vertex: 'Population 8' (1 atoms)
  Model: No Model

Edge Projection 7 from vertex: 'Population 11' (1 atoms) to vertex: 'Population 9' (1 atoms)
  Model: No Model

Edge Projection 8 from vertex: 'Population 8' (1 atoms) to vertex: 'Population 9' (1 atoms)
  Model: No Model

Edge Projection 9 from vertex: 'Population 14' (1 atoms) to vertex: 'Population 12' (1 atoms)
  Model: No Model

Edge Projection 10 from vertex: 'Population 15' (1 atoms) to vertex: 'Population 13' (1 atoms)
  Model: No Model

Edge Projection 11 from vertex: 'Population 12' (1 atoms) to vertex: 'Population 13' (1 atoms)
  Model: No Model

Edge Projection 12 from vertex: 'Population 18' (1 atoms) to vertex: 'Population 16' (1 atoms)
  Model: No Model

Edge Projection 13 from vertex: 'Population 19' (1 atoms) to vertex: 'Population 17' (1 atoms)
  Model: No Model

Edge Projection 14 from vertex: 'Population 16' (1 atoms) to vertex: 'Population 17' (1 atoms)
  Model: No Model

Edge Projection 15 from vertex: 'Population 22' (1 atoms) to vertex: 'Population 20' (1 atoms)
  Model: No Model

Edge Projection 16 from vertex: 'Population 23' (1 atoms) to vertex: 'Population 21' (1 atoms)
  Model: No Model

Edge Projection 17 from vertex: 'Population 20' (1 atoms) to vertex: 'Population 21' (1 atoms)
  Model: No Model

Edge Projection 18 from vertex: 'Population 26' (1 atoms) to vertex: 'Population 24' (1 atoms)
  Model: No Model

Edge Projection 19 from vertex: 'Population 27' (1 atoms) to vertex: 'Population 25' (1 atoms)
  Model: No Model

Edge Projection 20 from vertex: 'Population 24' (1 atoms) to vertex: 'Population 25' (1 atoms)
  Model: No Model

Edge Projection 21 from vertex: 'Population 30' (1 atoms) to vertex: 'Population 28' (1 atoms)
  Model: No Model

Edge Projection 22 from vertex: 'Population 31' (1 atoms) to vertex: 'Population 29' (1 atoms)
  Model: No Model

Edge Projection 23 from vertex: 'Population 28' (1 atoms) to vertex: 'Population 29' (1 atoms)
  Model: No Model

Edge Projection 24 from vertex: 'Population 34' (1 atoms) to vertex: 'Population 32' (1 atoms)
  Model: No Model

Edge Projection 25 from vertex: 'Population 35' (1 atoms) to vertex: 'Population 33' (1 atoms)
  Model: No Model

Edge Projection 26 from vertex: 'Population 32' (1 atoms) to vertex: 'Population 33' (1 atoms)
  Model: No Model

Edge Projection 27 from vertex: 'Population 38' (1 atoms) to vertex: 'Population 36' (1 atoms)
  Model: No Model

Edge Projection 28 from vertex: 'Population 39' (1 atoms) to vertex: 'Population 37' (1 atoms)
  Model: No Model

Edge Projection 29 from vertex: 'Population 36' (1 atoms) to vertex: 'Population 37' (1 atoms)
  Model: No Model

Edge Projection 30 from vertex: 'Population 42' (1 atoms) to vertex: 'Population 40' (1 atoms)
  Model: No Model

Edge Projection 31 from vertex: 'Population 43' (1 atoms) to vertex: 'Population 41' (1 atoms)
  Model: No Model

Edge Projection 32 from vertex: 'Population 40' (1 atoms) to vertex: 'Population 41' (1 atoms)
  Model: No Model

Edge Projection 33 from vertex: 'Population 46' (1 atoms) to vertex: 'Population 44' (1 atoms)
  Model: No Model

Edge Projection 34 from vertex: 'Population 47' (1 atoms) to vertex: 'Population 45' (1 atoms)
  Model: No Model

Edge Projection 35 from vertex: 'Population 44' (1 atoms) to vertex: 'Population 45' (1 atoms)
  Model: No Model

Edge Projection 36 from vertex: 'Population 50' (1 atoms) to vertex: 'Population 48' (1 atoms)
  Model: No Model

Edge Projection 37 from vertex: 'Population 51' (1 atoms) to vertex: 'Population 49' (1 atoms)
  Model: No Model

Edge Projection 38 from vertex: 'Population 48' (1 atoms) to vertex: 'Population 49' (1 atoms)
  Model: No Model

Edge Projection 39 from vertex: 'Population 54' (1 atoms) to vertex: 'Population 52' (1 atoms)
  Model: No Model

Edge Projection 40 from vertex: 'Population 55' (1 atoms) to vertex: 'Population 53' (1 atoms)
  Model: No Model

Edge Projection 41 from vertex: 'Population 52' (1 atoms) to vertex: 'Population 53' (1 atoms)
  Model: No Model

