router contains 24 entries 
 
  Index   Key(hex)    Mask(hex)    Route(hex)    Src. Core -> [Cores][Links]
------------------------------------------------------------------------------
    0     0e       ffffffff      20         (0, 0, 0)      [11] []
    1     012       ffffffff      200         (0, 0, 0)      [15] []
    2     0f       ffffffff      40         (0, 0, 0)      [12] []
    3     08       ffffffff      0800         (0, 0, 0)      [5] []
    4     09       ffffffff      01000         (0, 0, 0)      [6] []
    5     07       ffffffff      0400         (0, 0, 0)      [4] []
    6     011       ffffffff      100         (0, 0, 0)      [14] []
    7     010       ffffffff      80         (0, 0, 0)      [13] []
    8     01e       ffffffff      0100         (0, 0, 0)      [2] []
    9     021       ffffffff      04000         (0, 0, 0)      [8] []
    10     0a       ffffffff      02000         (0, 0, 0)      [7] []
    11     025       ffffffff      400         (0, 0, 0)      [16] []
    12     024       ffffffff      100         (0, 0, 0)      [14] []
    13     022       ffffffff      10         (0, 0, 0)      [10] []
    14     023       ffffffff      40         (0, 0, 0)      [12] []
    15     06       ffffffff      0200         (0, 0, 0)      [3] []
    16     0b       ffffffff      04000         (0, 0, 0)      [8] []
    17     013       ffffffff      400         (0, 0, 0)      [16] []
    18     01f       ffffffff      0400         (0, 0, 0)      [4] []
    19     05       ffffffff      0100         (0, 0, 0)      [2] []
    20     04       ffffffff      080         (0, 0, 0)      [1] []
    21     0c       ffffffff      08000         (0, 0, 0)      [9] []
    22     020       ffffffff      01000         (0, 0, 0)      [6] []
    23     0d       ffffffff      10         (0, 0, 0)      [10] []
