        Placement Information by Vertex
        ===============================

Generated: 05/29/16 12:20:47 for target machine '192.168.240.253'

**** Vertex: 'Population 0'
Model: IF_curr_exp
Pop sz: 1
Sub-vertices: 
  Slice 0:0 (1 atoms) 

**** Vertex: 'Population 1'
Model: IF_curr_exp
Pop sz: 1
Sub-vertices: 
  Slice 0:0 (1 atoms) 

**** Vertex: 'Population 10'
Model: SpikeSourceArray
Pop sz: 1
Sub-vertices: 
  Slice 0:0 (1 atoms) 

**** Vertex: 'Population 11'
Model: SpikeSourceArray
Pop sz: 1
Sub-vertices: 
  Slice 0:0 (1 atoms) 

**** Vertex: 'Population 12'
Model: IF_curr_exp
Pop sz: 1
Sub-vertices: 
  Slice 0:0 (1 atoms) 

**** Vertex: 'Population 13'
Model: IF_curr_exp
Pop sz: 1
Sub-vertices: 
  Slice 0:0 (1 atoms) 

**** Vertex: 'Population 14'
Model: SpikeSourceArray
Pop sz: 1
Sub-vertices: 
  Slice 0:0 (1 atoms) 

**** Vertex: 'Population 15'
Model: SpikeSourceArray
Pop sz: 1
Sub-vertices: 
  Slice 0:0 (1 atoms) 

**** Vertex: 'Population 16'
Model: IF_curr_exp
Pop sz: 1
Sub-vertices: 
  Slice 0:0 (1 atoms) 

**** Vertex: 'Population 17'
Model: IF_curr_exp
Pop sz: 1
Sub-vertices: 
  Slice 0:0 (1 atoms) 

**** Vertex: 'Population 18'
Model: SpikeSourceArray
Pop sz: 1
Sub-vertices: 
  Slice 0:0 (1 atoms) 

**** Vertex: 'Population 19'
Model: SpikeSourceArray
Pop sz: 1
Sub-vertices: 
  Slice 0:0 (1 atoms) 

**** Vertex: 'Population 2'
Model: SpikeSourceArray
Pop sz: 1
Sub-vertices: 
  Slice 0:0 (1 atoms) 

**** Vertex: 'Population 20'
Model: IF_curr_exp
Pop sz: 1
Sub-vertices: 
  Slice 0:0 (1 atoms) 

**** Vertex: 'Population 21'
Model: IF_curr_exp
Pop sz: 1
Sub-vertices: 
  Slice 0:0 (1 atoms) 

**** Vertex: 'Population 22'
Model: SpikeSourceArray
Pop sz: 1
Sub-vertices: 
  Slice 0:0 (1 atoms) 

**** Vertex: 'Population 23'
Model: SpikeSourceArray
Pop sz: 1
Sub-vertices: 
  Slice 0:0 (1 atoms) 

**** Vertex: 'Population 24'
Model: IF_curr_exp
Pop sz: 1
Sub-vertices: 
  Slice 0:0 (1 atoms) 

**** Vertex: 'Population 25'
Model: IF_curr_exp
Pop sz: 1
Sub-vertices: 
  Slice 0:0 (1 atoms) 

**** Vertex: 'Population 26'
Model: SpikeSourceArray
Pop sz: 1
Sub-vertices: 
  Slice 0:0 (1 atoms) 

**** Vertex: 'Population 27'
Model: SpikeSourceArray
Pop sz: 1
Sub-vertices: 
  Slice 0:0 (1 atoms) 

**** Vertex: 'Population 28'
Model: IF_curr_exp
Pop sz: 1
Sub-vertices: 
  Slice 0:0 (1 atoms) 

**** Vertex: 'Population 29'
Model: IF_curr_exp
Pop sz: 1
Sub-vertices: 
  Slice 0:0 (1 atoms) 

**** Vertex: 'Population 3'
Model: SpikeSourceArray
Pop sz: 1
Sub-vertices: 
  Slice 0:0 (1 atoms) 

**** Vertex: 'Population 30'
Model: SpikeSourceArray
Pop sz: 1
Sub-vertices: 
  Slice 0:0 (1 atoms) 

**** Vertex: 'Population 31'
Model: SpikeSourceArray
Pop sz: 1
Sub-vertices: 
  Slice 0:0 (1 atoms) 

**** Vertex: 'Population 32'
Model: IF_curr_exp
Pop sz: 1
Sub-vertices: 
  Slice 0:0 (1 atoms) 

**** Vertex: 'Population 33'
Model: IF_curr_exp
Pop sz: 1
Sub-vertices: 
  Slice 0:0 (1 atoms) 

**** Vertex: 'Population 34'
Model: SpikeSourceArray
Pop sz: 1
Sub-vertices: 
  Slice 0:0 (1 atoms) 

**** Vertex: 'Population 35'
Model: SpikeSourceArray
Pop sz: 1
Sub-vertices: 
  Slice 0:0 (1 atoms) 

**** Vertex: 'Population 36'
Model: IF_curr_exp
Pop sz: 1
Sub-vertices: 
  Slice 0:0 (1 atoms) 

**** Vertex: 'Population 37'
Model: IF_curr_exp
Pop sz: 1
Sub-vertices: 
  Slice 0:0 (1 atoms) 

**** Vertex: 'Population 38'
Model: SpikeSourceArray
Pop sz: 1
Sub-vertices: 
  Slice 0:0 (1 atoms) 

**** Vertex: 'Population 39'
Model: SpikeSourceArray
Pop sz: 1
Sub-vertices: 
  Slice 0:0 (1 atoms) 

**** Vertex: 'Population 4'
Model: IF_curr_exp
Pop sz: 1
Sub-vertices: 
  Slice 0:0 (1 atoms) 

**** Vertex: 'Population 40'
Model: IF_curr_exp
Pop sz: 1
Sub-vertices: 
  Slice 0:0 (1 atoms) 

**** Vertex: 'Population 41'
Model: IF_curr_exp
Pop sz: 1
Sub-vertices: 
  Slice 0:0 (1 atoms) 

**** Vertex: 'Population 42'
Model: SpikeSourceArray
Pop sz: 1
Sub-vertices: 
  Slice 0:0 (1 atoms) 

**** Vertex: 'Population 43'
Model: SpikeSourceArray
Pop sz: 1
Sub-vertices: 
  Slice 0:0 (1 atoms) 

**** Vertex: 'Population 44'
Model: IF_curr_exp
Pop sz: 1
Sub-vertices: 
  Slice 0:0 (1 atoms) 

**** Vertex: 'Population 45'
Model: IF_curr_exp
Pop sz: 1
Sub-vertices: 
  Slice 0:0 (1 atoms) 

**** Vertex: 'Population 46'
Model: SpikeSourceArray
Pop sz: 1
Sub-vertices: 
  Slice 0:0 (1 atoms) 

**** Vertex: 'Population 47'
Model: SpikeSourceArray
Pop sz: 1
Sub-vertices: 
  Slice 0:0 (1 atoms) 

**** Vertex: 'Population 48'
Model: IF_curr_exp
Pop sz: 1
Sub-vertices: 
  Slice 0:0 (1 atoms) 

**** Vertex: 'Population 49'
Model: IF_curr_exp
Pop sz: 1
Sub-vertices: 
  Slice 0:0 (1 atoms) 

**** Vertex: 'Population 5'
Model: IF_curr_exp
Pop sz: 1
Sub-vertices: 
  Slice 0:0 (1 atoms) 

**** Vertex: 'Population 50'
Model: SpikeSourceArray
Pop sz: 1
Sub-vertices: 
  Slice 0:0 (1 atoms) 

**** Vertex: 'Population 51'
Model: SpikeSourceArray
Pop sz: 1
Sub-vertices: 
  Slice 0:0 (1 atoms) 

**** Vertex: 'Population 52'
Model: IF_curr_exp
Pop sz: 1
Sub-vertices: 
  Slice 0:0 (1 atoms) 

**** Vertex: 'Population 53'
Model: IF_curr_exp
Pop sz: 1
Sub-vertices: 
  Slice 0:0 (1 atoms) 

**** Vertex: 'Population 54'
Model: SpikeSourceArray
Pop sz: 1
Sub-vertices: 
  Slice 0:0 (1 atoms) 

**** Vertex: 'Population 55'
Model: SpikeSourceArray
Pop sz: 1
Sub-vertices: 
  Slice 0:0 (1 atoms) 

**** Vertex: 'Population 6'
Model: SpikeSourceArray
Pop sz: 1
Sub-vertices: 
  Slice 0:0 (1 atoms) 

**** Vertex: 'Population 7'
Model: SpikeSourceArray
Pop sz: 1
Sub-vertices: 
  Slice 0:0 (1 atoms) 

**** Vertex: 'Population 8'
Model: IF_curr_exp
Pop sz: 1
Sub-vertices: 
  Slice 0:0 (1 atoms) 

**** Vertex: 'Population 9'
Model: IF_curr_exp
Pop sz: 1
Sub-vertices: 
  Slice 0:0 (1 atoms) 

