Subvert: Population 2:0:0 
subedge:PartitionedEdge:Population 2:0:0->Population 0:0:0, keys_and_masks:[KeyAndMask:0x0L:0xffffffffL] 


Subvert: Population 3:0:0 
subedge:PartitionedEdge:Population 3:0:0->Population 1:0:0, keys_and_masks:[KeyAndMask:0x1L:0xffffffffL] 


Subvert: Population 6:0:0 
subedge:PartitionedEdge:Population 6:0:0->Population 4:0:0, keys_and_masks:[KeyAndMask:0x2L:0xffffffffL] 


Subvert: Population 7:0:0 
subedge:PartitionedEdge:Population 7:0:0->Population 5:0:0, keys_and_masks:[KeyAndMask:0x3L:0xffffffffL] 


Subvert: Population 10:0:0 
subedge:PartitionedEdge:Population 10:0:0->Population 8:0:0, keys_and_masks:[KeyAndMask:0x4L:0xffffffffL] 


Subvert: Population 11:0:0 
subedge:PartitionedEdge:Population 11:0:0->Population 9:0:0, keys_and_masks:[KeyAndMask:0x5L:0xffffffffL] 


Subvert: Population 14:0:0 
subedge:PartitionedEdge:Population 14:0:0->Population 12:0:0, keys_and_masks:[KeyAndMask:0x6L:0xffffffffL] 


Subvert: Population 15:0:0 
subedge:PartitionedEdge:Population 15:0:0->Population 13:0:0, keys_and_masks:[KeyAndMask:0x7L:0xffffffffL] 


Subvert: Population 18:0:0 
subedge:PartitionedEdge:Population 18:0:0->Population 16:0:0, keys_and_masks:[KeyAndMask:0x8L:0xffffffffL] 


Subvert: Population 19:0:0 
subedge:PartitionedEdge:Population 19:0:0->Population 17:0:0, keys_and_masks:[KeyAndMask:0x9L:0xffffffffL] 


Subvert: Population 22:0:0 
subedge:PartitionedEdge:Population 22:0:0->Population 20:0:0, keys_and_masks:[KeyAndMask:0xaL:0xffffffffL] 


Subvert: Population 23:0:0 
subedge:PartitionedEdge:Population 23:0:0->Population 21:0:0, keys_and_masks:[KeyAndMask:0xbL:0xffffffffL] 


Subvert: Population 26:0:0 
subedge:PartitionedEdge:Population 26:0:0->Population 24:0:0, keys_and_masks:[KeyAndMask:0xcL:0xffffffffL] 


Subvert: Population 27:0:0 
subedge:PartitionedEdge:Population 27:0:0->Population 25:0:0, keys_and_masks:[KeyAndMask:0xdL:0xffffffffL] 


Subvert: Population 30:0:0 
subedge:PartitionedEdge:Population 30:0:0->Population 28:0:0, keys_and_masks:[KeyAndMask:0xeL:0xffffffffL] 


Subvert: Population 31:0:0 
subedge:PartitionedEdge:Population 31:0:0->Population 29:0:0, keys_and_masks:[KeyAndMask:0xfL:0xffffffffL] 


Subvert: Population 34:0:0 
subedge:PartitionedEdge:Population 34:0:0->Population 32:0:0, keys_and_masks:[KeyAndMask:0x10L:0xffffffffL] 


Subvert: Population 35:0:0 
subedge:PartitionedEdge:Population 35:0:0->Population 33:0:0, keys_and_masks:[KeyAndMask:0x11L:0xffffffffL] 


Subvert: Population 38:0:0 
subedge:PartitionedEdge:Population 38:0:0->Population 36:0:0, keys_and_masks:[KeyAndMask:0x12L:0xffffffffL] 


Subvert: Population 39:0:0 
subedge:PartitionedEdge:Population 39:0:0->Population 37:0:0, keys_and_masks:[KeyAndMask:0x13L:0xffffffffL] 


Subvert: Population 42:0:0 
subedge:PartitionedEdge:Population 42:0:0->Population 40:0:0, keys_and_masks:[KeyAndMask:0x14L:0xffffffffL] 


Subvert: Population 43:0:0 
subedge:PartitionedEdge:Population 43:0:0->Population 41:0:0, keys_and_masks:[KeyAndMask:0x15L:0xffffffffL] 


Subvert: Population 46:0:0 
subedge:PartitionedEdge:Population 46:0:0->Population 44:0:0, keys_and_masks:[KeyAndMask:0x16L:0xffffffffL] 


Subvert: Population 47:0:0 
subedge:PartitionedEdge:Population 47:0:0->Population 45:0:0, keys_and_masks:[KeyAndMask:0x17L:0xffffffffL] 


Subvert: Population 50:0:0 
subedge:PartitionedEdge:Population 50:0:0->Population 48:0:0, keys_and_masks:[KeyAndMask:0x18L:0xffffffffL] 


Subvert: Population 51:0:0 
subedge:PartitionedEdge:Population 51:0:0->Population 49:0:0, keys_and_masks:[KeyAndMask:0x19L:0xffffffffL] 


Subvert: Population 54:0:0 
subedge:PartitionedEdge:Population 54:0:0->Population 52:0:0, keys_and_masks:[KeyAndMask:0x1aL:0xffffffffL] 


Subvert: Population 55:0:0 
subedge:PartitionedEdge:Population 55:0:0->Population 53:0:0, keys_and_masks:[KeyAndMask:0x1bL:0xffffffffL] 


Subvert: Population 0:0:0 
subedge:PartitionedEdge:Population 0:0:0->Population 1:0:0, keys_and_masks:[KeyAndMask:0x1cL:0xffffffffL] 


Subvert: Population 1:0:0 


Subvert: Population 4:0:0 
subedge:PartitionedEdge:Population 4:0:0->Population 5:0:0, keys_and_masks:[KeyAndMask:0x1dL:0xffffffffL] 


Subvert: Population 5:0:0 


Subvert: Population 8:0:0 
subedge:PartitionedEdge:Population 8:0:0->Population 9:0:0, keys_and_masks:[KeyAndMask:0x1eL:0xffffffffL] 


Subvert: Population 9:0:0 


Subvert: Population 12:0:0 
subedge:PartitionedEdge:Population 12:0:0->Population 13:0:0, keys_and_masks:[KeyAndMask:0x1fL:0xffffffffL] 


Subvert: Population 13:0:0 


Subvert: Population 16:0:0 
subedge:PartitionedEdge:Population 16:0:0->Population 17:0:0, keys_and_masks:[KeyAndMask:0x20L:0xffffffffL] 


Subvert: Population 17:0:0 


Subvert: Population 20:0:0 
subedge:PartitionedEdge:Population 20:0:0->Population 21:0:0, keys_and_masks:[KeyAndMask:0x21L:0xffffffffL] 


Subvert: Population 21:0:0 


Subvert: Population 24:0:0 
subedge:PartitionedEdge:Population 24:0:0->Population 25:0:0, keys_and_masks:[KeyAndMask:0x22L:0xffffffffL] 


Subvert: Population 25:0:0 


Subvert: Population 28:0:0 
subedge:PartitionedEdge:Population 28:0:0->Population 29:0:0, keys_and_masks:[KeyAndMask:0x23L:0xffffffffL] 


Subvert: Population 29:0:0 


Subvert: Population 32:0:0 
subedge:PartitionedEdge:Population 32:0:0->Population 33:0:0, keys_and_masks:[KeyAndMask:0x24L:0xffffffffL] 


Subvert: Population 33:0:0 


Subvert: Population 36:0:0 
subedge:PartitionedEdge:Population 36:0:0->Population 37:0:0, keys_and_masks:[KeyAndMask:0x25L:0xffffffffL] 


Subvert: Population 37:0:0 


Subvert: Population 40:0:0 
subedge:PartitionedEdge:Population 40:0:0->Population 41:0:0, keys_and_masks:[KeyAndMask:0x26L:0xffffffffL] 


Subvert: Population 41:0:0 


Subvert: Population 44:0:0 
subedge:PartitionedEdge:Population 44:0:0->Population 45:0:0, keys_and_masks:[KeyAndMask:0x27L:0xffffffffL] 


Subvert: Population 45:0:0 


Subvert: Population 48:0:0 
subedge:PartitionedEdge:Population 48:0:0->Population 49:0:0, keys_and_masks:[KeyAndMask:0x28L:0xffffffffL] 


Subvert: Population 49:0:0 


Subvert: Population 52:0:0 
subedge:PartitionedEdge:Population 52:0:0->Population 53:0:0, keys_and_masks:[KeyAndMask:0x29L:0xffffffffL] 


Subvert: Population 53:0:0 


